=== Source Code ===
x = 5 / 0

=== Stage 1: Lexing ===
  Token: [x]
  Token: [=]
  Token: [5]
  Token: [/]
  Token: [0]
=== Stage 2: Parsing ===
  Parsed 1 statement(s) successfully.
=== Stage 3: Semantic Analysis ===
  No semantic errors found.
=== Stage 4: Output ===
Error: Runtime Error: Division by zero
